[debug] [2025-04-07T02:40:37.018Z] ----------------------------------------------------------------------
[debug] [2025-04-07T02:40:37.021Z] Command:       C:\Program Files\nodejs\node.exe C:\Users\adria\AppData\Roaming\npm\node_modules\firebase-tools\lib\bin\firebase.js deploy --only functions:sendEmailTeachers
[debug] [2025-04-07T02:40:37.022Z] CLI Version:   13.35.1
[debug] [2025-04-07T02:40:37.022Z] Platform:      win32
[debug] [2025-04-07T02:40:37.023Z] Node Version:  v18.20.7
[debug] [2025-04-07T02:40:37.025Z] Time:          Sun Apr 06 2025 21:40:37 GMT-0500 (hora estándar oriental)
[debug] [2025-04-07T02:40:37.025Z] ----------------------------------------------------------------------
[debug] 
[debug] [2025-04-07T02:40:37.335Z] > command requires scopes: ["email","openid","https://www.googleapis.com/auth/cloudplatformprojects.readonly","https://www.googleapis.com/auth/firebase","https://www.googleapis.com/auth/cloud-platform"]
[debug] [2025-04-07T02:40:37.336Z] > authorizing via signed-in user (adrianriveracueva@gmail.com)
[debug] [2025-04-07T02:40:37.336Z] [iam] checking project catedra-458c0 for permissions ["cloudfunctions.functions.create","cloudfunctions.functions.delete","cloudfunctions.functions.get","cloudfunctions.functions.list","cloudfunctions.functions.update","cloudfunctions.operations.get","firebase.projects.get"]
[debug] [2025-04-07T02:40:37.338Z] Checked if tokens are valid: false, expires at: 1743958681732
[debug] [2025-04-07T02:40:37.338Z] Checked if tokens are valid: false, expires at: 1743958681732
[debug] [2025-04-07T02:40:37.339Z] > refreshing access token with scopes: []
[debug] [2025-04-07T02:40:37.341Z] >>> [apiv2][query] POST https://www.googleapis.com/oauth2/v3/token [none]
[debug] [2025-04-07T02:40:37.341Z] >>> [apiv2][body] POST https://www.googleapis.com/oauth2/v3/token [omitted]
[debug] [2025-04-07T02:40:37.702Z] <<< [apiv2][status] POST https://www.googleapis.com/oauth2/v3/token 200
[debug] [2025-04-07T02:40:37.702Z] <<< [apiv2][body] POST https://www.googleapis.com/oauth2/v3/token [omitted]
[debug] [2025-04-07T02:40:37.723Z] >>> [apiv2][query] POST https://cloudresourcemanager.googleapis.com/v1/projects/catedra-458c0:testIamPermissions [none]
[debug] [2025-04-07T02:40:37.723Z] >>> [apiv2][(partial)header] POST https://cloudresourcemanager.googleapis.com/v1/projects/catedra-458c0:testIamPermissions x-goog-quota-user=projects/catedra-458c0
[debug] [2025-04-07T02:40:37.724Z] >>> [apiv2][body] POST https://cloudresourcemanager.googleapis.com/v1/projects/catedra-458c0:testIamPermissions {"permissions":["cloudfunctions.functions.create","cloudfunctions.functions.delete","cloudfunctions.functions.get","cloudfunctions.functions.list","cloudfunctions.functions.update","cloudfunctions.operations.get","firebase.projects.get"]}
[debug] [2025-04-07T02:40:38.325Z] <<< [apiv2][status] POST https://cloudresourcemanager.googleapis.com/v1/projects/catedra-458c0:testIamPermissions 200
[debug] [2025-04-07T02:40:38.325Z] <<< [apiv2][body] POST https://cloudresourcemanager.googleapis.com/v1/projects/catedra-458c0:testIamPermissions {"permissions":["cloudfunctions.functions.create","cloudfunctions.functions.delete","cloudfunctions.functions.get","cloudfunctions.functions.list","cloudfunctions.functions.update","cloudfunctions.operations.get","firebase.projects.get"]}
[debug] [2025-04-07T02:40:38.326Z] Checked if tokens are valid: true, expires at: 1743997236702
[debug] [2025-04-07T02:40:38.326Z] Checked if tokens are valid: true, expires at: 1743997236702
[debug] [2025-04-07T02:40:38.326Z] >>> [apiv2][query] POST https://iam.googleapis.com/v1/projects/catedra-458c0/serviceAccounts/catedra-458c0@appspot.gserviceaccount.com:testIamPermissions [none]
[debug] [2025-04-07T02:40:38.326Z] >>> [apiv2][body] POST https://iam.googleapis.com/v1/projects/catedra-458c0/serviceAccounts/catedra-458c0@appspot.gserviceaccount.com:testIamPermissions {"permissions":["iam.serviceAccounts.actAs"]}
[debug] [2025-04-07T02:40:39.134Z] <<< [apiv2][status] POST https://iam.googleapis.com/v1/projects/catedra-458c0/serviceAccounts/catedra-458c0@appspot.gserviceaccount.com:testIamPermissions 200
[debug] [2025-04-07T02:40:39.134Z] <<< [apiv2][body] POST https://iam.googleapis.com/v1/projects/catedra-458c0/serviceAccounts/catedra-458c0@appspot.gserviceaccount.com:testIamPermissions {"permissions":["iam.serviceAccounts.actAs"]}
[info] 
[info] === Deploying to 'catedra-458c0'...
[info] 
[info] i  deploying functions 
[info] Running command: npm --prefix "$RESOURCE_DIR" run build
[info] +  functions: Finished running predeploy script. 
[debug] [2025-04-07T02:40:47.398Z] Checked if tokens are valid: true, expires at: 1743997236702
[debug] [2025-04-07T02:40:47.398Z] Checked if tokens are valid: true, expires at: 1743997236702
[debug] [2025-04-07T02:40:47.398Z] >>> [apiv2][query] GET https://cloudresourcemanager.googleapis.com/v1/projects/catedra-458c0 [none]
[debug] [2025-04-07T02:40:47.965Z] <<< [apiv2][status] GET https://cloudresourcemanager.googleapis.com/v1/projects/catedra-458c0 200
[debug] [2025-04-07T02:40:47.965Z] <<< [apiv2][body] GET https://cloudresourcemanager.googleapis.com/v1/projects/catedra-458c0 {"projectNumber":"816613841351","projectId":"catedra-458c0","lifecycleState":"ACTIVE","name":"CATEDRA","labels":{"firebase":"enabled"},"createTime":"2024-05-15T12:48:05.983327Z"}
[info] i  functions: preparing codebase default for deployment 
[info] i  functions: ensuring required API cloudfunctions.googleapis.com is enabled... 
[debug] [2025-04-07T02:40:47.968Z] Checked if tokens are valid: true, expires at: 1743997236702
[debug] [2025-04-07T02:40:47.968Z] Checked if tokens are valid: true, expires at: 1743997236702
[debug] [2025-04-07T02:40:47.969Z] Checked if tokens are valid: true, expires at: 1743997236702
[debug] [2025-04-07T02:40:47.969Z] Checked if tokens are valid: true, expires at: 1743997236702
[info] i  functions: ensuring required API cloudbuild.googleapis.com is enabled... 
[debug] [2025-04-07T02:40:47.970Z] Checked if tokens are valid: true, expires at: 1743997236702
[debug] [2025-04-07T02:40:47.971Z] Checked if tokens are valid: true, expires at: 1743997236702
[info] i  artifactregistry: ensuring required API artifactregistry.googleapis.com is enabled... 
[debug] [2025-04-07T02:40:47.972Z] Checked if tokens are valid: true, expires at: 1743997236702
[debug] [2025-04-07T02:40:47.972Z] Checked if tokens are valid: true, expires at: 1743997236702
[debug] [2025-04-07T02:40:47.972Z] >>> [apiv2][query] GET https://serviceusage.googleapis.com/v1/projects/catedra-458c0/services/cloudfunctions.googleapis.com [none]
[debug] [2025-04-07T02:40:47.972Z] >>> [apiv2][(partial)header] GET https://serviceusage.googleapis.com/v1/projects/catedra-458c0/services/cloudfunctions.googleapis.com x-goog-quota-user=projects/catedra-458c0
[debug] [2025-04-07T02:40:47.974Z] >>> [apiv2][query] GET https://serviceusage.googleapis.com/v1/projects/catedra-458c0/services/runtimeconfig.googleapis.com [none]
[debug] [2025-04-07T02:40:47.974Z] >>> [apiv2][(partial)header] GET https://serviceusage.googleapis.com/v1/projects/catedra-458c0/services/runtimeconfig.googleapis.com x-goog-quota-user=projects/catedra-458c0
[debug] [2025-04-07T02:40:47.976Z] >>> [apiv2][query] GET https://serviceusage.googleapis.com/v1/projects/catedra-458c0/services/cloudbuild.googleapis.com [none]
[debug] [2025-04-07T02:40:47.976Z] >>> [apiv2][(partial)header] GET https://serviceusage.googleapis.com/v1/projects/catedra-458c0/services/cloudbuild.googleapis.com x-goog-quota-user=projects/catedra-458c0
[debug] [2025-04-07T02:40:47.977Z] >>> [apiv2][query] GET https://serviceusage.googleapis.com/v1/projects/catedra-458c0/services/artifactregistry.googleapis.com [none]
[debug] [2025-04-07T02:40:47.977Z] >>> [apiv2][(partial)header] GET https://serviceusage.googleapis.com/v1/projects/catedra-458c0/services/artifactregistry.googleapis.com x-goog-quota-user=projects/catedra-458c0
[debug] [2025-04-07T02:40:48.864Z] <<< [apiv2][status] GET https://serviceusage.googleapis.com/v1/projects/catedra-458c0/services/runtimeconfig.googleapis.com 200
[debug] [2025-04-07T02:40:48.865Z] <<< [apiv2][body] GET https://serviceusage.googleapis.com/v1/projects/catedra-458c0/services/runtimeconfig.googleapis.com [omitted]
[debug] [2025-04-07T02:40:48.865Z] <<< [apiv2][status] GET https://serviceusage.googleapis.com/v1/projects/catedra-458c0/services/cloudbuild.googleapis.com 200
[debug] [2025-04-07T02:40:48.865Z] <<< [apiv2][body] GET https://serviceusage.googleapis.com/v1/projects/catedra-458c0/services/cloudbuild.googleapis.com [omitted]
[info] +  functions: required API cloudbuild.googleapis.com is enabled 
[debug] [2025-04-07T02:40:48.869Z] <<< [apiv2][status] GET https://serviceusage.googleapis.com/v1/projects/catedra-458c0/services/artifactregistry.googleapis.com 200
[debug] [2025-04-07T02:40:48.869Z] <<< [apiv2][body] GET https://serviceusage.googleapis.com/v1/projects/catedra-458c0/services/artifactregistry.googleapis.com [omitted]
[info] +  artifactregistry: required API artifactregistry.googleapis.com is enabled 
[debug] [2025-04-07T02:40:48.872Z] <<< [apiv2][status] GET https://serviceusage.googleapis.com/v1/projects/catedra-458c0/services/cloudfunctions.googleapis.com 200
[debug] [2025-04-07T02:40:48.873Z] <<< [apiv2][body] GET https://serviceusage.googleapis.com/v1/projects/catedra-458c0/services/cloudfunctions.googleapis.com [omitted]
[info] +  functions: required API cloudfunctions.googleapis.com is enabled 
[debug] [2025-04-07T02:40:48.874Z] Checked if tokens are valid: true, expires at: 1743997236702
[debug] [2025-04-07T02:40:48.874Z] Checked if tokens are valid: true, expires at: 1743997236702
[debug] [2025-04-07T02:40:48.874Z] >>> [apiv2][query] GET https://firebase.googleapis.com/v1beta1/projects/catedra-458c0/adminSdkConfig [none]
[debug] [2025-04-07T02:40:49.681Z] <<< [apiv2][status] GET https://firebase.googleapis.com/v1beta1/projects/catedra-458c0/adminSdkConfig 200
[debug] [2025-04-07T02:40:49.681Z] <<< [apiv2][body] GET https://firebase.googleapis.com/v1beta1/projects/catedra-458c0/adminSdkConfig {"projectId":"catedra-458c0","storageBucket":"catedra-458c0.appspot.com","locationId":"us-central"}
[debug] [2025-04-07T02:40:49.682Z] Checked if tokens are valid: true, expires at: 1743997236702
[debug] [2025-04-07T02:40:49.683Z] Checked if tokens are valid: true, expires at: 1743997236702
[debug] [2025-04-07T02:40:49.683Z] >>> [apiv2][query] GET https://runtimeconfig.googleapis.com/v1beta1/projects/catedra-458c0/configs [none]
[debug] [2025-04-07T02:40:50.291Z] <<< [apiv2][status] GET https://runtimeconfig.googleapis.com/v1beta1/projects/catedra-458c0/configs 200
[debug] [2025-04-07T02:40:50.291Z] <<< [apiv2][body] GET https://runtimeconfig.googleapis.com/v1beta1/projects/catedra-458c0/configs {}
[debug] [2025-04-07T02:40:50.294Z] Validating nodejs source
[warn] !  functions: package.json indicates an outdated version of firebase-functions. Please upgrade using npm install --save firebase-functions@latest in your functions directory. 
[debug] [2025-04-07T02:40:52.437Z] > [functions] package.json contents: {
  "name": "functions",
  "scripts": {
    "build": "tsc",
    "build:watch": "tsc --watch",
    "serve": "npm run build && firebase emulators:start --only functions",
    "shell": "npm run build && firebase functions:shell",
    "start": "npm run shell",
    "deploy": "firebase deploy --only functions",
    "logs": "firebase functions:log"
  },
  "engines": {
    "node": "22"
  },
  "main": "lib/index.js",
  "dependencies": {
    "cors": "^2.8.5",
    "firebase-admin": "^12.7.0",
    "firebase-functions": "^6.3.1",
    "handlebars": "^4.7.8",
    "nodemailer": "^6.10.0"
  },
  "devDependencies": {
    "firebase-functions-test": "^3.1.0",
    "typescript": "^4.9.0"
  },
  "private": true
}
[debug] [2025-04-07T02:40:52.437Z] Building nodejs source
[info] i  functions: Loading and analyzing source code for codebase default to determine what to deploy 
[debug] [2025-04-07T02:40:52.446Z] Could not find functions.yaml. Must use http discovery
[debug] [2025-04-07T02:40:52.464Z] Found firebase-functions binary at 'C:\Users\adria\Documents\9no Ciclo\Catedra\functions\node_modules\.bin\firebase-functions'
[info] Serving at port 8170

[error] {"severity":"WARNING","message":"params.SECONDARY_EMAIL.value() invoked during function deployment, instead of during runtime."}

[error] {"severity":"WARNING","message":"This is usually a mistake. In configs, use Params directly without calling .value()."}
{"severity":"WARNING","message":"example: { memory: memoryParam } not { memory: memoryParam.value() }"}
{"severity":"WARNING","message":"params.SECONDARY_PASSWORD_EMAIL.value() invoked during function deployment, instead of during runtime."}
{"severity":"WARNING","message":"This is usually a mistake. In configs, use Params directly without calling .value()."}
{"severity":"WARNING","message":"example: { memory: memoryParam } not { memory: memoryParam.value() }"}

[error] {"severity":"WARNING","message":"params.USER_EMAIL.value() invoked during function deployment, instead of during runtime."}

[error] {"severity":"WARNING","message":"This is usually a mistake. In configs, use Params directly without calling .value()."}
{"severity":"WARNING","message":"example: { memory: memoryParam } not { memory: memoryParam.value() }"}
{"severity":"WARNING","message":"params.PASSWORD_EMAIL.value() invoked during function deployment, instead of during runtime."}
{"severity":"WARNING","message":"This is usually a mistake. In configs, use Params directly without calling .value()."}
{"severity":"WARNING","message":"example: { memory: memoryParam } not { memory: memoryParam.value() }"}

[debug] [2025-04-07T02:40:54.496Z] Got response from /__/functions.yaml {"endpoints":{"verifyToken":{"availableMemoryMb":null,"timeoutSeconds":null,"minInstances":null,"maxInstances":null,"ingressSettings":null,"concurrency":null,"serviceAccountEmail":null,"vpc":null,"platform":"gcfv2","labels":{},"httpsTrigger":{},"entryPoint":"verifyToken"},"sendEmailTeachers":{"availableMemoryMb":null,"timeoutSeconds":null,"minInstances":null,"maxInstances":null,"ingressSettings":null,"concurrency":null,"serviceAccountEmail":null,"vpc":null,"platform":"gcfv2","labels":{},"callableTrigger":{},"entryPoint":"sendEmailTeachers"}},"specVersion":"v1alpha1","requiredAPIs":[],"extensions":{},"params":[{"name":"USER_EMAIL","type":"string"},{"name":"PASSWORD_EMAIL","type":"string"},{"name":"SECONDARY_EMAIL","type":"string"},{"name":"SECONDARY_PASSWORD_EMAIL","type":"string"}]}
[info] i  extensions: ensuring required API firebaseextensions.googleapis.com is enabled... 
[debug] [2025-04-07T02:40:54.555Z] Checked if tokens are valid: true, expires at: 1743997236702
[debug] [2025-04-07T02:40:54.555Z] Checked if tokens are valid: true, expires at: 1743997236702
[debug] [2025-04-07T02:40:54.555Z] >>> [apiv2][query] GET https://serviceusage.googleapis.com/v1/projects/catedra-458c0/services/firebaseextensions.googleapis.com [none]
[debug] [2025-04-07T02:40:54.555Z] >>> [apiv2][(partial)header] GET https://serviceusage.googleapis.com/v1/projects/catedra-458c0/services/firebaseextensions.googleapis.com x-goog-quota-user=projects/catedra-458c0
[debug] [2025-04-07T02:40:55.328Z] <<< [apiv2][status] GET https://serviceusage.googleapis.com/v1/projects/catedra-458c0/services/firebaseextensions.googleapis.com 200
[debug] [2025-04-07T02:40:55.328Z] <<< [apiv2][body] GET https://serviceusage.googleapis.com/v1/projects/catedra-458c0/services/firebaseextensions.googleapis.com [omitted]
[info] +  extensions: required API firebaseextensions.googleapis.com is enabled 
[debug] [2025-04-07T02:40:55.328Z] > command requires scopes: ["email","openid","https://www.googleapis.com/auth/cloudplatformprojects.readonly","https://www.googleapis.com/auth/firebase","https://www.googleapis.com/auth/cloud-platform"]
[debug] [2025-04-07T02:40:55.329Z] > authorizing via signed-in user (adrianriveracueva@gmail.com)
[debug] [2025-04-07T02:40:55.329Z] [iam] checking project catedra-458c0 for permissions ["firebase.projects.get","firebaseextensions.instances.list"]
[debug] [2025-04-07T02:40:55.329Z] Checked if tokens are valid: true, expires at: 1743997236702
[debug] [2025-04-07T02:40:55.329Z] Checked if tokens are valid: true, expires at: 1743997236702
[debug] [2025-04-07T02:40:55.330Z] >>> [apiv2][query] POST https://cloudresourcemanager.googleapis.com/v1/projects/catedra-458c0:testIamPermissions [none]
[debug] [2025-04-07T02:40:55.330Z] >>> [apiv2][(partial)header] POST https://cloudresourcemanager.googleapis.com/v1/projects/catedra-458c0:testIamPermissions x-goog-quota-user=projects/catedra-458c0
[debug] [2025-04-07T02:40:55.330Z] >>> [apiv2][body] POST https://cloudresourcemanager.googleapis.com/v1/projects/catedra-458c0:testIamPermissions {"permissions":["firebase.projects.get","firebaseextensions.instances.list"]}
[debug] [2025-04-07T02:40:55.892Z] <<< [apiv2][status] POST https://cloudresourcemanager.googleapis.com/v1/projects/catedra-458c0:testIamPermissions 200
[debug] [2025-04-07T02:40:55.892Z] <<< [apiv2][body] POST https://cloudresourcemanager.googleapis.com/v1/projects/catedra-458c0:testIamPermissions {"permissions":["firebase.projects.get","firebaseextensions.instances.list"]}
[debug] [2025-04-07T02:40:55.893Z] Checked if tokens are valid: true, expires at: 1743997236702
[debug] [2025-04-07T02:40:55.893Z] Checked if tokens are valid: true, expires at: 1743997236702
[debug] [2025-04-07T02:40:55.895Z] >>> [apiv2][query] GET https://firebaseextensions.googleapis.com/v1beta/projects/catedra-458c0/instances pageSize=100&pageToken=
[debug] [2025-04-07T02:40:56.697Z] <<< [apiv2][status] GET https://firebaseextensions.googleapis.com/v1beta/projects/catedra-458c0/instances 200
[debug] [2025-04-07T02:40:56.697Z] <<< [apiv2][body] GET https://firebaseextensions.googleapis.com/v1beta/projects/catedra-458c0/instances {}
[info] i  functions: Loaded environment variables from .env.catedra-458c0. 
[info] i  functions: preparing functions directory for uploading... 
[info] i  functions: packaged C:\Users\adria\Documents\9no Ciclo\Catedra\functions (78.61 KB) for uploading 
[debug] [2025-04-07T02:40:56.824Z] Checked if tokens are valid: true, expires at: 1743997236702
[debug] [2025-04-07T02:40:56.824Z] Checked if tokens are valid: true, expires at: 1743997236702
[debug] [2025-04-07T02:40:56.825Z] >>> [apiv2][query] GET https://cloudfunctions.googleapis.com/v1/projects/catedra-458c0/locations/-/functions [none]
[debug] [2025-04-07T02:40:57.766Z] <<< [apiv2][status] GET https://cloudfunctions.googleapis.com/v1/projects/catedra-458c0/locations/-/functions 200
[debug] [2025-04-07T02:40:57.767Z] <<< [apiv2][body] GET https://cloudfunctions.googleapis.com/v1/projects/catedra-458c0/locations/-/functions {}
[debug] [2025-04-07T02:40:57.767Z] Checked if tokens are valid: true, expires at: 1743997236702
[debug] [2025-04-07T02:40:57.767Z] Checked if tokens are valid: true, expires at: 1743997236702
[debug] [2025-04-07T02:40:57.768Z] >>> [apiv2][query] GET https://cloudfunctions.googleapis.com/v2/projects/catedra-458c0/locations/-/functions filter=environment%3D%22GEN_2%22
[debug] [2025-04-07T02:40:58.487Z] <<< [apiv2][status] GET https://cloudfunctions.googleapis.com/v2/projects/catedra-458c0/locations/-/functions 200
[debug] [2025-04-07T02:40:58.488Z] <<< [apiv2][body] GET https://cloudfunctions.googleapis.com/v2/projects/catedra-458c0/locations/-/functions {"functions":[{"name":"projects/catedra-458c0/locations/us-central1/functions/verifyToken","buildConfig":{"build":"projects/816613841351/locations/us-central1/builds/8d84483d-adfd-4345-bec0-1761957a1ae7","runtime":"nodejs22","entryPoint":"verifyToken","source":{"storageSource":{"bucket":"gcf-v2-sources-816613841351-us-central1","object":"verifyToken/function-source.zip","generation":"1743600304594341"}},"environmentVariables":{"GOOGLE_NODE_RUN_SCRIPTS":""},"dockerRepository":"projects/catedra-458c0/locations/us-central1/repositories/gcf-artifacts","sourceProvenance":{"resolvedStorageSource":{"bucket":"gcf-v2-sources-816613841351-us-central1","object":"verifyToken/function-source.zip","generation":"1743600304594341"}},"dockerRegistry":"ARTIFACT_REGISTRY","serviceAccount":"projects/catedra-458c0/serviceAccounts/816613841351-compute@developer.gserviceaccount.com","automaticUpdatePolicy":{}},"serviceConfig":{"service":"projects/catedra-458c0/locations/us-central1/services/verifytoken","timeoutSeconds":60,"environmentVariables":{"USER_EMAIL":"ascendere_lab@utpl.edu.ec","PASSWORD_EMAIL":"ascendere%9221","SECONDARY_EMAIL":"ascenderelab@gmail.com","SECONDARY_PASSWORD_EMAIL":"mkcqzovvdysfngmw","FIREBASE_CONFIG":"{\"projectId\":\"catedra-458c0\",\"storageBucket\":\"catedra-458c0.appspot.com\",\"locationId\":\"us-central\"}","GCLOUD_PROJECT":"catedra-458c0","EVENTARC_CLOUD_EVENT_SOURCE":"projects/catedra-458c0/locations/us-central1/services/verifyToken","FUNCTION_TARGET":"verifyToken","LOG_EXECUTION_ID":"true"},"maxInstanceCount":100,"ingressSettings":"ALLOW_ALL","uri":"https://verifytoken-qipfzahcwa-uc.a.run.app","serviceAccountEmail":"816613841351-compute@developer.gserviceaccount.com","availableMemory":"256Mi","allTrafficOnLatestRevision":true,"revision":"verifytoken-00007-wob","maxInstanceRequestConcurrency":80,"availableCpu":"1"},"state":"ACTIVE","updateTime":"2025-04-02T13:26:07.207911441Z","labels":{"firebase-functions-hash":"b2e69466b61ac5516780997a7ecde96403342f6e","deployment-tool":"cli-firebase"},"environment":"GEN_2","url":"https://us-central1-catedra-458c0.cloudfunctions.net/verifyToken","createTime":"2025-02-13T03:13:56.904371822Z","satisfiesPzi":true},{"name":"projects/catedra-458c0/locations/us-central1/functions/sendEmailTeachers","buildConfig":{"build":"projects/816613841351/locations/us-central1/builds/636f7170-3239-4b4f-978c-c067a9b0bcfa","runtime":"nodejs22","entryPoint":"sendEmailTeachers","source":{"storageSource":{"bucket":"gcf-v2-sources-816613841351-us-central1","object":"sendEmailTeachers/function-source.zip","generation":"1743600527033701"}},"environmentVariables":{"GOOGLE_NODE_RUN_SCRIPTS":""},"dockerRepository":"projects/catedra-458c0/locations/us-central1/repositories/gcf-artifacts","sourceProvenance":{"resolvedStorageSource":{"bucket":"gcf-v2-sources-816613841351-us-central1","object":"sendEmailTeachers/function-source.zip","generation":"1743600527033701"}},"dockerRegistry":"ARTIFACT_REGISTRY","serviceAccount":"projects/catedra-458c0/serviceAccounts/816613841351-compute@developer.gserviceaccount.com","automaticUpdatePolicy":{}},"serviceConfig":{"service":"projects/catedra-458c0/locations/us-central1/services/sendemailteachers","timeoutSeconds":60,"environmentVariables":{"USER_EMAIL":"ascendere_lab@utpl.edu.ec","PASSWORD_EMAIL":"ascendere%9221","SECONDARY_EMAIL":"ascenderelab@gmail.com","SECONDARY_PASSWORD_EMAIL":"mkcqzovvdysfngmw","FIREBASE_CONFIG":"{\"projectId\":\"catedra-458c0\",\"storageBucket\":\"catedra-458c0.appspot.com\",\"locationId\":\"us-central\"}","GCLOUD_PROJECT":"catedra-458c0","EVENTARC_CLOUD_EVENT_SOURCE":"projects/catedra-458c0/locations/us-central1/services/sendEmailTeachers","FUNCTION_TARGET":"sendEmailTeachers","LOG_EXECUTION_ID":"true"},"maxInstanceCount":100,"ingressSettings":"ALLOW_ALL","uri":"https://sendemailteachers-qipfzahcwa-uc.a.run.app","serviceAccountEmail":"816613841351-compute@developer.gserviceaccount.com","availableMemory":"256Mi","allTrafficOnLatestRevision":true,"revision":"sendemailteachers-00021-neh","maxInstanceRequestConcurrency":80,"availableCpu":"1"},"state":"ACTIVE","updateTime":"2025-04-02T13:29:49.629556021Z","labels":{"deployment-tool":"cli-firebase","deployment-callable":"true","firebase-functions-hash":"e945278ab7a615ba3d6974121b36ff605f8a3d13"},"environment":"GEN_2","url":"https://us-central1-catedra-458c0.cloudfunctions.net/sendEmailTeachers","createTime":"2025-03-31T16:00:34.163261047Z","satisfiesPzi":true}]}
[info] i  functions: ensuring required API run.googleapis.com is enabled... 
[debug] [2025-04-07T02:40:58.493Z] Checked if tokens are valid: true, expires at: 1743997236702
[debug] [2025-04-07T02:40:58.493Z] Checked if tokens are valid: true, expires at: 1743997236702
[info] i  functions: ensuring required API eventarc.googleapis.com is enabled... 
[debug] [2025-04-07T02:40:58.494Z] Checked if tokens are valid: true, expires at: 1743997236702
[debug] [2025-04-07T02:40:58.494Z] Checked if tokens are valid: true, expires at: 1743997236702
[info] i  functions: ensuring required API pubsub.googleapis.com is enabled... 
[debug] [2025-04-07T02:40:58.495Z] Checked if tokens are valid: true, expires at: 1743997236702
[debug] [2025-04-07T02:40:58.495Z] Checked if tokens are valid: true, expires at: 1743997236702
[info] i  functions: ensuring required API storage.googleapis.com is enabled... 
[debug] [2025-04-07T02:40:58.496Z] Checked if tokens are valid: true, expires at: 1743997236702
[debug] [2025-04-07T02:40:58.496Z] Checked if tokens are valid: true, expires at: 1743997236702
[debug] [2025-04-07T02:40:58.496Z] >>> [apiv2][query] GET https://serviceusage.googleapis.com/v1/projects/catedra-458c0/services/run.googleapis.com [none]
[debug] [2025-04-07T02:40:58.496Z] >>> [apiv2][(partial)header] GET https://serviceusage.googleapis.com/v1/projects/catedra-458c0/services/run.googleapis.com x-goog-quota-user=projects/catedra-458c0
[debug] [2025-04-07T02:40:58.498Z] >>> [apiv2][query] GET https://serviceusage.googleapis.com/v1/projects/catedra-458c0/services/eventarc.googleapis.com [none]
[debug] [2025-04-07T02:40:58.499Z] >>> [apiv2][(partial)header] GET https://serviceusage.googleapis.com/v1/projects/catedra-458c0/services/eventarc.googleapis.com x-goog-quota-user=projects/catedra-458c0
[debug] [2025-04-07T02:40:58.501Z] >>> [apiv2][query] GET https://serviceusage.googleapis.com/v1/projects/catedra-458c0/services/pubsub.googleapis.com [none]
[debug] [2025-04-07T02:40:58.502Z] >>> [apiv2][(partial)header] GET https://serviceusage.googleapis.com/v1/projects/catedra-458c0/services/pubsub.googleapis.com x-goog-quota-user=projects/catedra-458c0
[debug] [2025-04-07T02:40:58.503Z] >>> [apiv2][query] GET https://serviceusage.googleapis.com/v1/projects/catedra-458c0/services/storage.googleapis.com [none]
[debug] [2025-04-07T02:40:58.503Z] >>> [apiv2][(partial)header] GET https://serviceusage.googleapis.com/v1/projects/catedra-458c0/services/storage.googleapis.com x-goog-quota-user=projects/catedra-458c0
[debug] [2025-04-07T02:40:59.236Z] <<< [apiv2][status] GET https://serviceusage.googleapis.com/v1/projects/catedra-458c0/services/pubsub.googleapis.com 200
[debug] [2025-04-07T02:40:59.236Z] <<< [apiv2][body] GET https://serviceusage.googleapis.com/v1/projects/catedra-458c0/services/pubsub.googleapis.com [omitted]
[info] +  functions: required API pubsub.googleapis.com is enabled 
[debug] [2025-04-07T02:40:59.242Z] <<< [apiv2][status] GET https://serviceusage.googleapis.com/v1/projects/catedra-458c0/services/eventarc.googleapis.com 200
[debug] [2025-04-07T02:40:59.242Z] <<< [apiv2][body] GET https://serviceusage.googleapis.com/v1/projects/catedra-458c0/services/eventarc.googleapis.com [omitted]
[info] +  functions: required API eventarc.googleapis.com is enabled 
[debug] [2025-04-07T02:40:59.248Z] <<< [apiv2][status] GET https://serviceusage.googleapis.com/v1/projects/catedra-458c0/services/run.googleapis.com 200
[debug] [2025-04-07T02:40:59.248Z] <<< [apiv2][body] GET https://serviceusage.googleapis.com/v1/projects/catedra-458c0/services/run.googleapis.com [omitted]
[info] +  functions: required API run.googleapis.com is enabled 
[debug] [2025-04-07T02:40:59.250Z] <<< [apiv2][status] GET https://serviceusage.googleapis.com/v1/projects/catedra-458c0/services/storage.googleapis.com 200
[debug] [2025-04-07T02:40:59.250Z] <<< [apiv2][body] GET https://serviceusage.googleapis.com/v1/projects/catedra-458c0/services/storage.googleapis.com [omitted]
[info] +  functions: required API storage.googleapis.com is enabled 
[info] i  functions: generating the service identity for pubsub.googleapis.com... 
[debug] [2025-04-07T02:40:59.252Z] Checked if tokens are valid: true, expires at: 1743997236702
[debug] [2025-04-07T02:40:59.252Z] Checked if tokens are valid: true, expires at: 1743997236702
[info] i  functions: generating the service identity for eventarc.googleapis.com... 
[debug] [2025-04-07T02:40:59.253Z] Checked if tokens are valid: true, expires at: 1743997236702
[debug] [2025-04-07T02:40:59.253Z] Checked if tokens are valid: true, expires at: 1743997236702
[debug] [2025-04-07T02:40:59.253Z] >>> [apiv2][query] POST https://serviceusage.googleapis.com/v1beta1/projects/816613841351/services/pubsub.googleapis.com:generateServiceIdentity [none]
[debug] [2025-04-07T02:40:59.257Z] >>> [apiv2][query] POST https://serviceusage.googleapis.com/v1beta1/projects/816613841351/services/eventarc.googleapis.com:generateServiceIdentity [none]
[debug] [2025-04-07T02:41:00.228Z] <<< [apiv2][status] POST https://serviceusage.googleapis.com/v1beta1/projects/816613841351/services/eventarc.googleapis.com:generateServiceIdentity 200
[debug] [2025-04-07T02:41:00.228Z] <<< [apiv2][body] POST https://serviceusage.googleapis.com/v1beta1/projects/816613841351/services/eventarc.googleapis.com:generateServiceIdentity {"name":"operations/finished.DONE_OPERATION","done":true,"response":{"@type":"type.googleapis.com/google.api.serviceusage.v1beta1.ServiceIdentity","email":"service-816613841351@gcp-sa-eventarc.iam.gserviceaccount.com","uniqueId":"108522247990081999967"}}
[debug] [2025-04-07T02:41:00.228Z] <<< [apiv2][status] POST https://serviceusage.googleapis.com/v1beta1/projects/816613841351/services/pubsub.googleapis.com:generateServiceIdentity 200
[debug] [2025-04-07T02:41:00.228Z] <<< [apiv2][body] POST https://serviceusage.googleapis.com/v1beta1/projects/816613841351/services/pubsub.googleapis.com:generateServiceIdentity {"name":"operations/finished.DONE_OPERATION","done":true,"response":{"@type":"type.googleapis.com/google.api.serviceusage.v1beta1.ServiceIdentity","email":"service-816613841351@gcp-sa-pubsub.iam.gserviceaccount.com","uniqueId":"105817154186936400919"}}
[debug] [2025-04-07T02:41:00.231Z] Checked if tokens are valid: true, expires at: 1743997236702
[debug] [2025-04-07T02:41:00.231Z] Checked if tokens are valid: true, expires at: 1743997236702
[debug] [2025-04-07T02:41:00.231Z] >>> [apiv2][query] GET https://cloudresourcemanager.googleapis.com/v1/projects/catedra-458c0 [none]
[debug] [2025-04-07T02:41:00.840Z] <<< [apiv2][status] GET https://cloudresourcemanager.googleapis.com/v1/projects/catedra-458c0 200
[debug] [2025-04-07T02:41:00.841Z] <<< [apiv2][body] GET https://cloudresourcemanager.googleapis.com/v1/projects/catedra-458c0 {"projectNumber":"816613841351","projectId":"catedra-458c0","lifecycleState":"ACTIVE","name":"CATEDRA","labels":{"firebase":"enabled"},"createTime":"2024-05-15T12:48:05.983327Z"}
[debug] [2025-04-07T02:41:00.843Z] Checked if tokens are valid: true, expires at: 1743997236702
[debug] [2025-04-07T02:41:00.843Z] Checked if tokens are valid: true, expires at: 1743997236702
[debug] [2025-04-07T02:41:00.843Z] >>> [apiv2][query] GET https://cloudbilling.googleapis.com/v1/projects/catedra-458c0/billingInfo [none]
[debug] [2025-04-07T02:41:01.351Z] <<< [apiv2][status] GET https://cloudbilling.googleapis.com/v1/projects/catedra-458c0/billingInfo 200
[debug] [2025-04-07T02:41:01.352Z] <<< [apiv2][body] GET https://cloudbilling.googleapis.com/v1/projects/catedra-458c0/billingInfo {"name":"projects/catedra-458c0/billingInfo","projectId":"catedra-458c0","billingAccountName":"billingAccounts/010499-F328A3-F828A1","billingEnabled":true}
[debug] [2025-04-07T02:41:01.355Z] Checked if tokens are valid: true, expires at: 1743997236702
[debug] [2025-04-07T02:41:01.355Z] Checked if tokens are valid: true, expires at: 1743997236702
[debug] [2025-04-07T02:41:01.355Z] >>> [apiv2][query] POST https://cloudfunctions.googleapis.com/v2/projects/catedra-458c0/locations/us-central1/functions:generateUploadUrl [none]
[debug] [2025-04-07T02:41:01.923Z] <<< [apiv2][status] POST https://cloudfunctions.googleapis.com/v2/projects/catedra-458c0/locations/us-central1/functions:generateUploadUrl 200
[debug] [2025-04-07T02:41:01.924Z] <<< [apiv2][body] POST https://cloudfunctions.googleapis.com/v2/projects/catedra-458c0/locations/us-central1/functions:generateUploadUrl {"uploadUrl":"https://storage.googleapis.com/gcf-v2-uploads-816613841351.us-central1.cloudfunctions.appspot.com/9ba12de4-2854-4697-ab25-4d68365c1e1d.zip?GoogleAccessId=service-816613841351@gcf-admin-robot.iam.gserviceaccount.com&Expires=1743995462&Signature=MVER1KC8hAsXpegcAO761a8iLmRpONkIl9YJ08s49OQo6wSYkEXumJUq7MYHlmbAWk1FGeQlU5vMVPelNB%2FQ218jUh6a%2BxSsow%2BkilipWYsTuUqXHeYa4KWuy0Pwv6MFsoVku6IdP6CQiTNN248tBgH6HLPRojiBOfP8EEfvdTU2CvEsmETclIvCpHuJcurgGdNA0DrSEjZmreVcUyCAZCBoEwD%2B9zd6GtGDxs3Hb1LcgJQ4w7xF55%2FPDujHmTrBTRdlUC6tvkf2CYdgEZ2AzoI74OMuVNu1bk0gxneHjVgGPAXcNH8oYKljWt913DBkw3FWUTKFBdwQ7JsYQWRuQw%3D%3D","storageSource":{"bucket":"gcf-v2-uploads-816613841351.us-central1.cloudfunctions.appspot.com","object":"9ba12de4-2854-4697-ab25-4d68365c1e1d.zip"}}
[debug] [2025-04-07T02:41:01.925Z] >>> [apiv2][query] PUT https://storage.googleapis.com/gcf-v2-uploads-816613841351.us-central1.cloudfunctions.appspot.com/9ba12de4-2854-4697-ab25-4d68365c1e1d.zip GoogleAccessId=service-816613841351%40gcf-admin-robot.iam.gserviceaccount.com&Expires=1743995462&Signature=MVER1KC8hAsXpegcAO761a8iLmRpONkIl9YJ08s49OQo6wSYkEXumJUq7MYHlmbAWk1FGeQlU5vMVPelNB%2FQ218jUh6a%2BxSsow%2BkilipWYsTuUqXHeYa4KWuy0Pwv6MFsoVku6IdP6CQiTNN248tBgH6HLPRojiBOfP8EEfvdTU2CvEsmETclIvCpHuJcurgGdNA0DrSEjZmreVcUyCAZCBoEwD%2B9zd6GtGDxs3Hb1LcgJQ4w7xF55%2FPDujHmTrBTRdlUC6tvkf2CYdgEZ2AzoI74OMuVNu1bk0gxneHjVgGPAXcNH8oYKljWt913DBkw3FWUTKFBdwQ7JsYQWRuQw%3D%3D
[debug] [2025-04-07T02:41:01.925Z] >>> [apiv2][body] PUT https://storage.googleapis.com/gcf-v2-uploads-816613841351.us-central1.cloudfunctions.appspot.com/9ba12de4-2854-4697-ab25-4d68365c1e1d.zip [stream]
[debug] [2025-04-07T02:41:02.577Z] <<< [apiv2][status] PUT https://storage.googleapis.com/gcf-v2-uploads-816613841351.us-central1.cloudfunctions.appspot.com/9ba12de4-2854-4697-ab25-4d68365c1e1d.zip 200
[debug] [2025-04-07T02:41:02.577Z] <<< [apiv2][body] PUT https://storage.googleapis.com/gcf-v2-uploads-816613841351.us-central1.cloudfunctions.appspot.com/9ba12de4-2854-4697-ab25-4d68365c1e1d.zip [omitted]
[info] +  functions: functions folder uploaded successfully 
[info] i  functions: updating Node.js 22 (2nd Gen) function sendEmailTeachers(us-central1)... 
[debug] [2025-04-07T02:41:02.588Z] Checked if tokens are valid: true, expires at: 1743997236702
[debug] [2025-04-07T02:41:02.588Z] Checked if tokens are valid: true, expires at: 1743997236702
[debug] [2025-04-07T02:41:02.588Z] >>> [apiv2][query] PATCH https://cloudfunctions.googleapis.com/v2/projects/catedra-458c0/locations/us-central1/functions/sendEmailTeachers updateMask=name%2CbuildConfig.runtime%2CbuildConfig.entryPoint%2CbuildConfig.source.storageSource.bucket%2CbuildConfig.source.storageSource.object%2CbuildConfig.environmentVariables%2CbuildConfig.sourceToken%2CserviceConfig.environmentVariables%2CserviceConfig.ingressSettings%2CserviceConfig.timeoutSeconds%2CserviceConfig.serviceAccountEmail%2CserviceConfig.availableMemory%2CserviceConfig.minInstanceCount%2CserviceConfig.maxInstanceCount%2CserviceConfig.maxInstanceRequestConcurrency%2CserviceConfig.availableCpu%2CserviceConfig.vpcConnector%2CserviceConfig.vpcConnectorEgressSettings%2Clabels%2CbuildConfig.buildEnvironmentVariables
[debug] [2025-04-07T02:41:02.589Z] >>> [apiv2][body] PATCH https://cloudfunctions.googleapis.com/v2/projects/catedra-458c0/locations/us-central1/functions/sendEmailTeachers {"name":"projects/catedra-458c0/locations/us-central1/functions/sendEmailTeachers","buildConfig":{"runtime":"nodejs22","entryPoint":"sendEmailTeachers","source":{"storageSource":{"bucket":"gcf-v2-uploads-816613841351.us-central1.cloudfunctions.appspot.com","object":"9ba12de4-2854-4697-ab25-4d68365c1e1d.zip"}},"environmentVariables":{"GOOGLE_NODE_RUN_SCRIPTS":""}},"serviceConfig":{"environmentVariables":{"USER_EMAIL":"ascendere_lab@utpl.edu.ec","PASSWORD_EMAIL":"ascendere%9221","SECONDARY_EMAIL":"ascenderelab@gmail.com","SECONDARY_PASSWORD_EMAIL":"mkcqzovvdysfngmw","FIREBASE_CONFIG":"{\"projectId\":\"catedra-458c0\",\"storageBucket\":\"catedra-458c0.appspot.com\",\"locationId\":\"us-central\"}","GCLOUD_PROJECT":"catedra-458c0","EVENTARC_CLOUD_EVENT_SOURCE":"projects/catedra-458c0/locations/us-central1/services/sendEmailTeachers","FUNCTION_TARGET":"sendEmailTeachers","LOG_EXECUTION_ID":"true"},"ingressSettings":null,"timeoutSeconds":null,"serviceAccountEmail":null,"availableMemory":"256Mi","minInstanceCount":null,"maxInstanceCount":null,"maxInstanceRequestConcurrency":80,"availableCpu":"1","vpcConnector":null,"vpcConnectorEgressSettings":null},"labels":{"deployment-tool":"cli-firebase","deployment-callable":"true","firebase-functions-hash":"f479ce89aae2667245b92c68a4c48a0f78105491"}}
[debug] [2025-04-07T02:41:03.929Z] <<< [apiv2][status] PATCH https://cloudfunctions.googleapis.com/v2/projects/catedra-458c0/locations/us-central1/functions/sendEmailTeachers 200
[debug] [2025-04-07T02:41:03.929Z] <<< [apiv2][body] PATCH https://cloudfunctions.googleapis.com/v2/projects/catedra-458c0/locations/us-central1/functions/sendEmailTeachers {"name":"projects/catedra-458c0/locations/us-central1/operations/operation-1743993663842-632272ad2ea69-6d1f9024-f2ebf93f","metadata":{"@type":"type.googleapis.com/google.cloud.functions.v2.OperationMetadata","createTime":"2025-04-07T02:41:04.681195097Z","target":"projects/catedra-458c0/locations/us-central1/functions/sendEmailTeachers","verb":"update","cancelRequested":false,"apiVersion":"v2"},"done":false}
[debug] [2025-04-07T02:41:03.930Z] Checked if tokens are valid: true, expires at: 1743997236702
[debug] [2025-04-07T02:41:03.931Z] Checked if tokens are valid: true, expires at: 1743997236702
[debug] [2025-04-07T02:41:03.931Z] >>> [apiv2][query] GET https://cloudfunctions.googleapis.com/v2/projects/catedra-458c0/locations/us-central1/operations/operation-1743993663842-632272ad2ea69-6d1f9024-f2ebf93f [none]
[debug] [2025-04-07T02:41:04.397Z] <<< [apiv2][status] GET https://cloudfunctions.googleapis.com/v2/projects/catedra-458c0/locations/us-central1/operations/operation-1743993663842-632272ad2ea69-6d1f9024-f2ebf93f 200
[debug] [2025-04-07T02:41:04.397Z] <<< [apiv2][body] GET https://cloudfunctions.googleapis.com/v2/projects/catedra-458c0/locations/us-central1/operations/operation-1743993663842-632272ad2ea69-6d1f9024-f2ebf93f {"name":"projects/catedra-458c0/locations/us-central1/operations/operation-1743993663842-632272ad2ea69-6d1f9024-f2ebf93f","metadata":{"@type":"type.googleapis.com/google.cloud.functions.v2.OperationMetadata","createTime":"2025-04-07T02:41:04.681195097Z","target":"projects/catedra-458c0/locations/us-central1/functions/sendEmailTeachers","verb":"update","cancelRequested":false,"apiVersion":"v2","requestResource":{"@type":"type.googleapis.com/google.cloud.functions.v2.Function","name":"projects/catedra-458c0/locations/us-central1/functions/sendEmailTeachers","buildConfig":{"runtime":"nodejs22","entryPoint":"sendEmailTeachers","source":{"storageSource":{"bucket":"gcf-v2-sources-816613841351-us-central1","object":"sendEmailTeachers/function-source.zip","generation":"1743993664601790"}},"environmentVariables":{"GOOGLE_NODE_RUN_SCRIPTS":""},"dockerRepository":"projects/catedra-458c0/locations/us-central1/repositories/gcf-artifacts","sourceProvenance":{"resolvedStorageSource":{"bucket":"gcf-v2-sources-816613841351-us-central1","object":"sendEmailTeachers/function-source.zip","generation":"1743600527033701"}},"dockerRegistry":"ARTIFACT_REGISTRY","serviceAccount":"projects/catedra-458c0/serviceAccounts/816613841351-compute@developer.gserviceaccount.com","automaticUpdatePolicy":{}},"serviceConfig":{"service":"projects/catedra-458c0/locations/us-central1/services/sendemailteachers","timeoutSeconds":60,"environmentVariables":{"USER_EMAIL":"ascendere_lab@utpl.edu.ec","PASSWORD_EMAIL":"ascendere%9221","SECONDARY_EMAIL":"ascenderelab@gmail.com","SECONDARY_PASSWORD_EMAIL":"mkcqzovvdysfngmw","FIREBASE_CONFIG":"{\"projectId\":\"catedra-458c0\",\"storageBucket\":\"catedra-458c0.appspot.com\",\"locationId\":\"us-central\"}","GCLOUD_PROJECT":"catedra-458c0","EVENTARC_CLOUD_EVENT_SOURCE":"projects/catedra-458c0/locations/us-central1/services/sendEmailTeachers","FUNCTION_TARGET":"sendEmailTeachers","LOG_EXECUTION_ID":"true"},"ingressSettings":"ALLOW_ALL","uri":"https://sendemailteachers-qipfzahcwa-uc.a.run.app","serviceAccountEmail":"816613841351-compute@developer.gserviceaccount.com","availableMemory":"256Mi","allTrafficOnLatestRevision":true,"revision":"sendemailteachers-00021-neh","maxInstanceRequestConcurrency":80,"availableCpu":"1"},"state":"ACTIVE","labels":{"deployment-tool":"cloud-console","deployment-callable":"true","firebase-functions-hash":"f479ce89aae2667245b92c68a4c48a0f78105491"},"environment":"GEN_2","url":"https://us-central1-catedra-458c0.cloudfunctions.net/sendEmailTeachers","satisfiesPzi":true},"stages":[{"name":"BUILD","state":"NOT_STARTED"},{"name":"SERVICE","state":"NOT_STARTED"}],"operationType":"UPDATE_FUNCTION"},"done":false}
[debug] [2025-04-07T02:41:04.901Z] [update-default-us-central1-sendEmailTeachers] Retrying task index 0
[debug] [2025-04-07T02:41:04.901Z] Checked if tokens are valid: true, expires at: 1743997236702
[debug] [2025-04-07T02:41:04.901Z] Checked if tokens are valid: true, expires at: 1743997236702
[debug] [2025-04-07T02:41:04.902Z] >>> [apiv2][query] GET https://cloudfunctions.googleapis.com/v2/projects/catedra-458c0/locations/us-central1/operations/operation-1743993663842-632272ad2ea69-6d1f9024-f2ebf93f [none]
[debug] [2025-04-07T02:41:05.383Z] <<< [apiv2][status] GET https://cloudfunctions.googleapis.com/v2/projects/catedra-458c0/locations/us-central1/operations/operation-1743993663842-632272ad2ea69-6d1f9024-f2ebf93f 200
[debug] [2025-04-07T02:41:05.383Z] <<< [apiv2][body] GET https://cloudfunctions.googleapis.com/v2/projects/catedra-458c0/locations/us-central1/operations/operation-1743993663842-632272ad2ea69-6d1f9024-f2ebf93f {"name":"projects/catedra-458c0/locations/us-central1/operations/operation-1743993663842-632272ad2ea69-6d1f9024-f2ebf93f","metadata":{"@type":"type.googleapis.com/google.cloud.functions.v2.OperationMetadata","createTime":"2025-04-07T02:41:04.681195097Z","target":"projects/catedra-458c0/locations/us-central1/functions/sendEmailTeachers","verb":"update","cancelRequested":false,"apiVersion":"v2","requestResource":{"@type":"type.googleapis.com/google.cloud.functions.v2.Function","name":"projects/catedra-458c0/locations/us-central1/functions/sendEmailTeachers","buildConfig":{"runtime":"nodejs22","entryPoint":"sendEmailTeachers","source":{"storageSource":{"bucket":"gcf-v2-sources-816613841351-us-central1","object":"sendEmailTeachers/function-source.zip","generation":"1743993664601790"}},"environmentVariables":{"GOOGLE_NODE_RUN_SCRIPTS":""},"dockerRepository":"projects/catedra-458c0/locations/us-central1/repositories/gcf-artifacts","sourceProvenance":{"resolvedStorageSource":{"bucket":"gcf-v2-sources-816613841351-us-central1","object":"sendEmailTeachers/function-source.zip","generation":"1743600527033701"}},"dockerRegistry":"ARTIFACT_REGISTRY","serviceAccount":"projects/catedra-458c0/serviceAccounts/816613841351-compute@developer.gserviceaccount.com","automaticUpdatePolicy":{}},"serviceConfig":{"service":"projects/catedra-458c0/locations/us-central1/services/sendemailteachers","timeoutSeconds":60,"environmentVariables":{"USER_EMAIL":"ascendere_lab@utpl.edu.ec","PASSWORD_EMAIL":"ascendere%9221","SECONDARY_EMAIL":"ascenderelab@gmail.com","SECONDARY_PASSWORD_EMAIL":"mkcqzovvdysfngmw","FIREBASE_CONFIG":"{\"projectId\":\"catedra-458c0\",\"storageBucket\":\"catedra-458c0.appspot.com\",\"locationId\":\"us-central\"}","GCLOUD_PROJECT":"catedra-458c0","EVENTARC_CLOUD_EVENT_SOURCE":"projects/catedra-458c0/locations/us-central1/services/sendEmailTeachers","FUNCTION_TARGET":"sendEmailTeachers","LOG_EXECUTION_ID":"true"},"ingressSettings":"ALLOW_ALL","uri":"https://sendemailteachers-qipfzahcwa-uc.a.run.app","serviceAccountEmail":"816613841351-compute@developer.gserviceaccount.com","availableMemory":"256Mi","allTrafficOnLatestRevision":true,"revision":"sendemailteachers-00021-neh","maxInstanceRequestConcurrency":80,"availableCpu":"1"},"state":"ACTIVE","labels":{"deployment-tool":"cloud-console","deployment-callable":"true","firebase-functions-hash":"f479ce89aae2667245b92c68a4c48a0f78105491"},"environment":"GEN_2","url":"https://us-central1-catedra-458c0.cloudfunctions.net/sendEmailTeachers","satisfiesPzi":true},"stages":[{"name":"BUILD","message":"Build in progress","state":"IN_PROGRESS","resource":"projects/816613841351/locations/us-central1/builds/91b45274-9512-43e9-a60e-a37e340c112d","resourceUri":"https://console.cloud.google.com/cloud-build/builds;region=us-central1/91b45274-9512-43e9-a60e-a37e340c112d?project=816613841351"},{"name":"SERVICE","state":"NOT_STARTED"}],"operationType":"UPDATE_FUNCTION","buildName":"projects/816613841351/locations/us-central1/builds/91b45274-9512-43e9-a60e-a37e340c112d"},"done":false}
[debug] [2025-04-07T02:41:06.390Z] [update-default-us-central1-sendEmailTeachers] Retrying task index 0
[debug] [2025-04-07T02:41:06.390Z] Checked if tokens are valid: true, expires at: 1743997236702
[debug] [2025-04-07T02:41:06.391Z] Checked if tokens are valid: true, expires at: 1743997236702
[debug] [2025-04-07T02:41:06.391Z] >>> [apiv2][query] GET https://cloudfunctions.googleapis.com/v2/projects/catedra-458c0/locations/us-central1/operations/operation-1743993663842-632272ad2ea69-6d1f9024-f2ebf93f [none]
[debug] [2025-04-07T02:41:06.861Z] <<< [apiv2][status] GET https://cloudfunctions.googleapis.com/v2/projects/catedra-458c0/locations/us-central1/operations/operation-1743993663842-632272ad2ea69-6d1f9024-f2ebf93f 200
[debug] [2025-04-07T02:41:06.861Z] <<< [apiv2][body] GET https://cloudfunctions.googleapis.com/v2/projects/catedra-458c0/locations/us-central1/operations/operation-1743993663842-632272ad2ea69-6d1f9024-f2ebf93f {"name":"projects/catedra-458c0/locations/us-central1/operations/operation-1743993663842-632272ad2ea69-6d1f9024-f2ebf93f","metadata":{"@type":"type.googleapis.com/google.cloud.functions.v2.OperationMetadata","createTime":"2025-04-07T02:41:04.681195097Z","target":"projects/catedra-458c0/locations/us-central1/functions/sendEmailTeachers","verb":"update","cancelRequested":false,"apiVersion":"v2","requestResource":{"@type":"type.googleapis.com/google.cloud.functions.v2.Function","name":"projects/catedra-458c0/locations/us-central1/functions/sendEmailTeachers","buildConfig":{"runtime":"nodejs22","entryPoint":"sendEmailTeachers","source":{"storageSource":{"bucket":"gcf-v2-sources-816613841351-us-central1","object":"sendEmailTeachers/function-source.zip","generation":"1743993664601790"}},"environmentVariables":{"GOOGLE_NODE_RUN_SCRIPTS":""},"dockerRepository":"projects/catedra-458c0/locations/us-central1/repositories/gcf-artifacts","sourceProvenance":{"resolvedStorageSource":{"bucket":"gcf-v2-sources-816613841351-us-central1","object":"sendEmailTeachers/function-source.zip","generation":"1743600527033701"}},"dockerRegistry":"ARTIFACT_REGISTRY","serviceAccount":"projects/catedra-458c0/serviceAccounts/816613841351-compute@developer.gserviceaccount.com","automaticUpdatePolicy":{}},"serviceConfig":{"service":"projects/catedra-458c0/locations/us-central1/services/sendemailteachers","timeoutSeconds":60,"environmentVariables":{"USER_EMAIL":"ascendere_lab@utpl.edu.ec","PASSWORD_EMAIL":"ascendere%9221","SECONDARY_EMAIL":"ascenderelab@gmail.com","SECONDARY_PASSWORD_EMAIL":"mkcqzovvdysfngmw","FIREBASE_CONFIG":"{\"projectId\":\"catedra-458c0\",\"storageBucket\":\"catedra-458c0.appspot.com\",\"locationId\":\"us-central\"}","GCLOUD_PROJECT":"catedra-458c0","EVENTARC_CLOUD_EVENT_SOURCE":"projects/catedra-458c0/locations/us-central1/services/sendEmailTeachers","FUNCTION_TARGET":"sendEmailTeachers","LOG_EXECUTION_ID":"true"},"ingressSettings":"ALLOW_ALL","uri":"https://sendemailteachers-qipfzahcwa-uc.a.run.app","serviceAccountEmail":"816613841351-compute@developer.gserviceaccount.com","availableMemory":"256Mi","allTrafficOnLatestRevision":true,"revision":"sendemailteachers-00021-neh","maxInstanceRequestConcurrency":80,"availableCpu":"1"},"state":"ACTIVE","labels":{"deployment-tool":"cloud-console","deployment-callable":"true","firebase-functions-hash":"f479ce89aae2667245b92c68a4c48a0f78105491"},"environment":"GEN_2","url":"https://us-central1-catedra-458c0.cloudfunctions.net/sendEmailTeachers","satisfiesPzi":true},"stages":[{"name":"BUILD","message":"Build in progress","state":"IN_PROGRESS","resource":"projects/816613841351/locations/us-central1/builds/91b45274-9512-43e9-a60e-a37e340c112d","resourceUri":"https://console.cloud.google.com/cloud-build/builds;region=us-central1/91b45274-9512-43e9-a60e-a37e340c112d?project=816613841351"},{"name":"SERVICE","state":"NOT_STARTED"}],"operationType":"UPDATE_FUNCTION","buildName":"projects/816613841351/locations/us-central1/builds/91b45274-9512-43e9-a60e-a37e340c112d"},"done":false}
[debug] [2025-04-07T02:41:08.863Z] [update-default-us-central1-sendEmailTeachers] Retrying task index 0
[debug] [2025-04-07T02:41:08.863Z] Checked if tokens are valid: true, expires at: 1743997236702
[debug] [2025-04-07T02:41:08.863Z] Checked if tokens are valid: true, expires at: 1743997236702
[debug] [2025-04-07T02:41:08.863Z] >>> [apiv2][query] GET https://cloudfunctions.googleapis.com/v2/projects/catedra-458c0/locations/us-central1/operations/operation-1743993663842-632272ad2ea69-6d1f9024-f2ebf93f [none]
[debug] [2025-04-07T02:41:09.309Z] <<< [apiv2][status] GET https://cloudfunctions.googleapis.com/v2/projects/catedra-458c0/locations/us-central1/operations/operation-1743993663842-632272ad2ea69-6d1f9024-f2ebf93f 200
[debug] [2025-04-07T02:41:09.310Z] <<< [apiv2][body] GET https://cloudfunctions.googleapis.com/v2/projects/catedra-458c0/locations/us-central1/operations/operation-1743993663842-632272ad2ea69-6d1f9024-f2ebf93f {"name":"projects/catedra-458c0/locations/us-central1/operations/operation-1743993663842-632272ad2ea69-6d1f9024-f2ebf93f","metadata":{"@type":"type.googleapis.com/google.cloud.functions.v2.OperationMetadata","createTime":"2025-04-07T02:41:04.681195097Z","target":"projects/catedra-458c0/locations/us-central1/functions/sendEmailTeachers","verb":"update","cancelRequested":false,"apiVersion":"v2","requestResource":{"@type":"type.googleapis.com/google.cloud.functions.v2.Function","name":"projects/catedra-458c0/locations/us-central1/functions/sendEmailTeachers","buildConfig":{"runtime":"nodejs22","entryPoint":"sendEmailTeachers","source":{"storageSource":{"bucket":"gcf-v2-sources-816613841351-us-central1","object":"sendEmailTeachers/function-source.zip","generation":"1743993664601790"}},"environmentVariables":{"GOOGLE_NODE_RUN_SCRIPTS":""},"dockerRepository":"projects/catedra-458c0/locations/us-central1/repositories/gcf-artifacts","sourceProvenance":{"resolvedStorageSource":{"bucket":"gcf-v2-sources-816613841351-us-central1","object":"sendEmailTeachers/function-source.zip","generation":"1743600527033701"}},"dockerRegistry":"ARTIFACT_REGISTRY","serviceAccount":"projects/catedra-458c0/serviceAccounts/816613841351-compute@developer.gserviceaccount.com","automaticUpdatePolicy":{}},"serviceConfig":{"service":"projects/catedra-458c0/locations/us-central1/services/sendemailteachers","timeoutSeconds":60,"environmentVariables":{"USER_EMAIL":"ascendere_lab@utpl.edu.ec","PASSWORD_EMAIL":"ascendere%9221","SECONDARY_EMAIL":"ascenderelab@gmail.com","SECONDARY_PASSWORD_EMAIL":"mkcqzovvdysfngmw","FIREBASE_CONFIG":"{\"projectId\":\"catedra-458c0\",\"storageBucket\":\"catedra-458c0.appspot.com\",\"locationId\":\"us-central\"}","GCLOUD_PROJECT":"catedra-458c0","EVENTARC_CLOUD_EVENT_SOURCE":"projects/catedra-458c0/locations/us-central1/services/sendEmailTeachers","FUNCTION_TARGET":"sendEmailTeachers","LOG_EXECUTION_ID":"true"},"ingressSettings":"ALLOW_ALL","uri":"https://sendemailteachers-qipfzahcwa-uc.a.run.app","serviceAccountEmail":"816613841351-compute@developer.gserviceaccount.com","availableMemory":"256Mi","allTrafficOnLatestRevision":true,"revision":"sendemailteachers-00021-neh","maxInstanceRequestConcurrency":80,"availableCpu":"1"},"state":"ACTIVE","labels":{"deployment-tool":"cloud-console","deployment-callable":"true","firebase-functions-hash":"f479ce89aae2667245b92c68a4c48a0f78105491"},"environment":"GEN_2","url":"https://us-central1-catedra-458c0.cloudfunctions.net/sendEmailTeachers","satisfiesPzi":true},"stages":[{"name":"BUILD","message":"Build in progress","state":"IN_PROGRESS","resource":"projects/816613841351/locations/us-central1/builds/91b45274-9512-43e9-a60e-a37e340c112d","resourceUri":"https://console.cloud.google.com/cloud-build/builds;region=us-central1/91b45274-9512-43e9-a60e-a37e340c112d?project=816613841351"},{"name":"SERVICE","state":"NOT_STARTED"}],"operationType":"UPDATE_FUNCTION","buildName":"projects/816613841351/locations/us-central1/builds/91b45274-9512-43e9-a60e-a37e340c112d"},"done":false}
[debug] [2025-04-07T02:41:13.322Z] [update-default-us-central1-sendEmailTeachers] Retrying task index 0
[debug] [2025-04-07T02:41:13.322Z] Checked if tokens are valid: true, expires at: 1743997236702
[debug] [2025-04-07T02:41:13.322Z] Checked if tokens are valid: true, expires at: 1743997236702
[debug] [2025-04-07T02:41:13.323Z] >>> [apiv2][query] GET https://cloudfunctions.googleapis.com/v2/projects/catedra-458c0/locations/us-central1/operations/operation-1743993663842-632272ad2ea69-6d1f9024-f2ebf93f [none]
[debug] [2025-04-07T02:41:13.843Z] <<< [apiv2][status] GET https://cloudfunctions.googleapis.com/v2/projects/catedra-458c0/locations/us-central1/operations/operation-1743993663842-632272ad2ea69-6d1f9024-f2ebf93f 200
[debug] [2025-04-07T02:41:13.843Z] <<< [apiv2][body] GET https://cloudfunctions.googleapis.com/v2/projects/catedra-458c0/locations/us-central1/operations/operation-1743993663842-632272ad2ea69-6d1f9024-f2ebf93f {"name":"projects/catedra-458c0/locations/us-central1/operations/operation-1743993663842-632272ad2ea69-6d1f9024-f2ebf93f","metadata":{"@type":"type.googleapis.com/google.cloud.functions.v2.OperationMetadata","createTime":"2025-04-07T02:41:04.681195097Z","target":"projects/catedra-458c0/locations/us-central1/functions/sendEmailTeachers","verb":"update","cancelRequested":false,"apiVersion":"v2","requestResource":{"@type":"type.googleapis.com/google.cloud.functions.v2.Function","name":"projects/catedra-458c0/locations/us-central1/functions/sendEmailTeachers","buildConfig":{"runtime":"nodejs22","entryPoint":"sendEmailTeachers","source":{"storageSource":{"bucket":"gcf-v2-sources-816613841351-us-central1","object":"sendEmailTeachers/function-source.zip","generation":"1743993664601790"}},"environmentVariables":{"GOOGLE_NODE_RUN_SCRIPTS":""},"dockerRepository":"projects/catedra-458c0/locations/us-central1/repositories/gcf-artifacts","sourceProvenance":{"resolvedStorageSource":{"bucket":"gcf-v2-sources-816613841351-us-central1","object":"sendEmailTeachers/function-source.zip","generation":"1743600527033701"}},"dockerRegistry":"ARTIFACT_REGISTRY","serviceAccount":"projects/catedra-458c0/serviceAccounts/816613841351-compute@developer.gserviceaccount.com","automaticUpdatePolicy":{}},"serviceConfig":{"service":"projects/catedra-458c0/locations/us-central1/services/sendemailteachers","timeoutSeconds":60,"environmentVariables":{"USER_EMAIL":"ascendere_lab@utpl.edu.ec","PASSWORD_EMAIL":"ascendere%9221","SECONDARY_EMAIL":"ascenderelab@gmail.com","SECONDARY_PASSWORD_EMAIL":"mkcqzovvdysfngmw","FIREBASE_CONFIG":"{\"projectId\":\"catedra-458c0\",\"storageBucket\":\"catedra-458c0.appspot.com\",\"locationId\":\"us-central\"}","GCLOUD_PROJECT":"catedra-458c0","EVENTARC_CLOUD_EVENT_SOURCE":"projects/catedra-458c0/locations/us-central1/services/sendEmailTeachers","FUNCTION_TARGET":"sendEmailTeachers","LOG_EXECUTION_ID":"true"},"ingressSettings":"ALLOW_ALL","uri":"https://sendemailteachers-qipfzahcwa-uc.a.run.app","serviceAccountEmail":"816613841351-compute@developer.gserviceaccount.com","availableMemory":"256Mi","allTrafficOnLatestRevision":true,"revision":"sendemailteachers-00021-neh","maxInstanceRequestConcurrency":80,"availableCpu":"1"},"state":"ACTIVE","labels":{"deployment-tool":"cloud-console","deployment-callable":"true","firebase-functions-hash":"f479ce89aae2667245b92c68a4c48a0f78105491"},"environment":"GEN_2","url":"https://us-central1-catedra-458c0.cloudfunctions.net/sendEmailTeachers","satisfiesPzi":true},"stages":[{"name":"BUILD","message":"Build in progress","state":"IN_PROGRESS","resource":"projects/816613841351/locations/us-central1/builds/91b45274-9512-43e9-a60e-a37e340c112d","resourceUri":"https://console.cloud.google.com/cloud-build/builds;region=us-central1/91b45274-9512-43e9-a60e-a37e340c112d?project=816613841351"},{"name":"SERVICE","state":"NOT_STARTED"}],"operationType":"UPDATE_FUNCTION","buildName":"projects/816613841351/locations/us-central1/builds/91b45274-9512-43e9-a60e-a37e340c112d"},"done":false}
[debug] [2025-04-07T02:41:21.847Z] [update-default-us-central1-sendEmailTeachers] Retrying task index 0
[debug] [2025-04-07T02:41:21.848Z] Checked if tokens are valid: true, expires at: 1743997236702
[debug] [2025-04-07T02:41:21.849Z] Checked if tokens are valid: true, expires at: 1743997236702
[debug] [2025-04-07T02:41:21.849Z] >>> [apiv2][query] GET https://cloudfunctions.googleapis.com/v2/projects/catedra-458c0/locations/us-central1/operations/operation-1743993663842-632272ad2ea69-6d1f9024-f2ebf93f [none]
[debug] [2025-04-07T02:41:22.313Z] <<< [apiv2][status] GET https://cloudfunctions.googleapis.com/v2/projects/catedra-458c0/locations/us-central1/operations/operation-1743993663842-632272ad2ea69-6d1f9024-f2ebf93f 200
[debug] [2025-04-07T02:41:22.313Z] <<< [apiv2][body] GET https://cloudfunctions.googleapis.com/v2/projects/catedra-458c0/locations/us-central1/operations/operation-1743993663842-632272ad2ea69-6d1f9024-f2ebf93f {"name":"projects/catedra-458c0/locations/us-central1/operations/operation-1743993663842-632272ad2ea69-6d1f9024-f2ebf93f","metadata":{"@type":"type.googleapis.com/google.cloud.functions.v2.OperationMetadata","createTime":"2025-04-07T02:41:04.681195097Z","target":"projects/catedra-458c0/locations/us-central1/functions/sendEmailTeachers","verb":"update","cancelRequested":false,"apiVersion":"v2","requestResource":{"@type":"type.googleapis.com/google.cloud.functions.v2.Function","name":"projects/catedra-458c0/locations/us-central1/functions/sendEmailTeachers","buildConfig":{"runtime":"nodejs22","entryPoint":"sendEmailTeachers","source":{"storageSource":{"bucket":"gcf-v2-sources-816613841351-us-central1","object":"sendEmailTeachers/function-source.zip","generation":"1743993664601790"}},"environmentVariables":{"GOOGLE_NODE_RUN_SCRIPTS":""},"dockerRepository":"projects/catedra-458c0/locations/us-central1/repositories/gcf-artifacts","sourceProvenance":{"resolvedStorageSource":{"bucket":"gcf-v2-sources-816613841351-us-central1","object":"sendEmailTeachers/function-source.zip","generation":"1743600527033701"}},"dockerRegistry":"ARTIFACT_REGISTRY","serviceAccount":"projects/catedra-458c0/serviceAccounts/816613841351-compute@developer.gserviceaccount.com","automaticUpdatePolicy":{}},"serviceConfig":{"service":"projects/catedra-458c0/locations/us-central1/services/sendemailteachers","timeoutSeconds":60,"environmentVariables":{"USER_EMAIL":"ascendere_lab@utpl.edu.ec","PASSWORD_EMAIL":"ascendere%9221","SECONDARY_EMAIL":"ascenderelab@gmail.com","SECONDARY_PASSWORD_EMAIL":"mkcqzovvdysfngmw","FIREBASE_CONFIG":"{\"projectId\":\"catedra-458c0\",\"storageBucket\":\"catedra-458c0.appspot.com\",\"locationId\":\"us-central\"}","GCLOUD_PROJECT":"catedra-458c0","EVENTARC_CLOUD_EVENT_SOURCE":"projects/catedra-458c0/locations/us-central1/services/sendEmailTeachers","FUNCTION_TARGET":"sendEmailTeachers","LOG_EXECUTION_ID":"true"},"ingressSettings":"ALLOW_ALL","uri":"https://sendemailteachers-qipfzahcwa-uc.a.run.app","serviceAccountEmail":"816613841351-compute@developer.gserviceaccount.com","availableMemory":"256Mi","allTrafficOnLatestRevision":true,"revision":"sendemailteachers-00021-neh","maxInstanceRequestConcurrency":80,"availableCpu":"1"},"state":"ACTIVE","labels":{"deployment-tool":"cloud-console","deployment-callable":"true","firebase-functions-hash":"f479ce89aae2667245b92c68a4c48a0f78105491"},"environment":"GEN_2","url":"https://us-central1-catedra-458c0.cloudfunctions.net/sendEmailTeachers","satisfiesPzi":true},"stages":[{"name":"BUILD","message":"Build in progress","state":"IN_PROGRESS","resource":"projects/816613841351/locations/us-central1/builds/91b45274-9512-43e9-a60e-a37e340c112d","resourceUri":"https://console.cloud.google.com/cloud-build/builds;region=us-central1/91b45274-9512-43e9-a60e-a37e340c112d?project=816613841351"},{"name":"SERVICE","state":"NOT_STARTED"}],"operationType":"UPDATE_FUNCTION","buildName":"projects/816613841351/locations/us-central1/builds/91b45274-9512-43e9-a60e-a37e340c112d"},"done":false}
[debug] [2025-04-07T02:41:32.325Z] [update-default-us-central1-sendEmailTeachers] Retrying task index 0
[debug] [2025-04-07T02:41:32.326Z] Checked if tokens are valid: true, expires at: 1743997236702
[debug] [2025-04-07T02:41:32.327Z] Checked if tokens are valid: true, expires at: 1743997236702
[debug] [2025-04-07T02:41:32.327Z] >>> [apiv2][query] GET https://cloudfunctions.googleapis.com/v2/projects/catedra-458c0/locations/us-central1/operations/operation-1743993663842-632272ad2ea69-6d1f9024-f2ebf93f [none]
[debug] [2025-04-07T02:41:32.890Z] <<< [apiv2][status] GET https://cloudfunctions.googleapis.com/v2/projects/catedra-458c0/locations/us-central1/operations/operation-1743993663842-632272ad2ea69-6d1f9024-f2ebf93f 200
[debug] [2025-04-07T02:41:32.890Z] <<< [apiv2][body] GET https://cloudfunctions.googleapis.com/v2/projects/catedra-458c0/locations/us-central1/operations/operation-1743993663842-632272ad2ea69-6d1f9024-f2ebf93f {"name":"projects/catedra-458c0/locations/us-central1/operations/operation-1743993663842-632272ad2ea69-6d1f9024-f2ebf93f","metadata":{"@type":"type.googleapis.com/google.cloud.functions.v2.OperationMetadata","createTime":"2025-04-07T02:41:04.681195097Z","target":"projects/catedra-458c0/locations/us-central1/functions/sendEmailTeachers","verb":"update","cancelRequested":false,"apiVersion":"v2","requestResource":{"@type":"type.googleapis.com/google.cloud.functions.v2.Function","name":"projects/catedra-458c0/locations/us-central1/functions/sendEmailTeachers","buildConfig":{"runtime":"nodejs22","entryPoint":"sendEmailTeachers","source":{"storageSource":{"bucket":"gcf-v2-sources-816613841351-us-central1","object":"sendEmailTeachers/function-source.zip","generation":"1743993664601790"}},"environmentVariables":{"GOOGLE_NODE_RUN_SCRIPTS":""},"dockerRepository":"projects/catedra-458c0/locations/us-central1/repositories/gcf-artifacts","sourceProvenance":{"resolvedStorageSource":{"bucket":"gcf-v2-sources-816613841351-us-central1","object":"sendEmailTeachers/function-source.zip","generation":"1743600527033701"}},"dockerRegistry":"ARTIFACT_REGISTRY","serviceAccount":"projects/catedra-458c0/serviceAccounts/816613841351-compute@developer.gserviceaccount.com","automaticUpdatePolicy":{}},"serviceConfig":{"service":"projects/catedra-458c0/locations/us-central1/services/sendemailteachers","timeoutSeconds":60,"environmentVariables":{"USER_EMAIL":"ascendere_lab@utpl.edu.ec","PASSWORD_EMAIL":"ascendere%9221","SECONDARY_EMAIL":"ascenderelab@gmail.com","SECONDARY_PASSWORD_EMAIL":"mkcqzovvdysfngmw","FIREBASE_CONFIG":"{\"projectId\":\"catedra-458c0\",\"storageBucket\":\"catedra-458c0.appspot.com\",\"locationId\":\"us-central\"}","GCLOUD_PROJECT":"catedra-458c0","EVENTARC_CLOUD_EVENT_SOURCE":"projects/catedra-458c0/locations/us-central1/services/sendEmailTeachers","FUNCTION_TARGET":"sendEmailTeachers","LOG_EXECUTION_ID":"true"},"ingressSettings":"ALLOW_ALL","uri":"https://sendemailteachers-qipfzahcwa-uc.a.run.app","serviceAccountEmail":"816613841351-compute@developer.gserviceaccount.com","availableMemory":"256Mi","allTrafficOnLatestRevision":true,"revision":"sendemailteachers-00021-neh","maxInstanceRequestConcurrency":80,"availableCpu":"1"},"state":"ACTIVE","labels":{"deployment-tool":"cloud-console","deployment-callable":"true","firebase-functions-hash":"f479ce89aae2667245b92c68a4c48a0f78105491"},"environment":"GEN_2","url":"https://us-central1-catedra-458c0.cloudfunctions.net/sendEmailTeachers","satisfiesPzi":true},"stages":[{"name":"BUILD","message":"Build in progress","state":"IN_PROGRESS","resource":"projects/816613841351/locations/us-central1/builds/91b45274-9512-43e9-a60e-a37e340c112d","resourceUri":"https://console.cloud.google.com/cloud-build/builds;region=us-central1/91b45274-9512-43e9-a60e-a37e340c112d?project=816613841351"},{"name":"SERVICE","state":"NOT_STARTED"}],"operationType":"UPDATE_FUNCTION","buildName":"projects/816613841351/locations/us-central1/builds/91b45274-9512-43e9-a60e-a37e340c112d"},"done":false}
[debug] [2025-04-07T02:41:42.905Z] [update-default-us-central1-sendEmailTeachers] Retrying task index 0
[debug] [2025-04-07T02:41:42.905Z] Checked if tokens are valid: true, expires at: 1743997236702
[debug] [2025-04-07T02:41:42.905Z] Checked if tokens are valid: true, expires at: 1743997236702
[debug] [2025-04-07T02:41:42.905Z] >>> [apiv2][query] GET https://cloudfunctions.googleapis.com/v2/projects/catedra-458c0/locations/us-central1/operations/operation-1743993663842-632272ad2ea69-6d1f9024-f2ebf93f [none]
[debug] [2025-04-07T02:41:43.438Z] <<< [apiv2][status] GET https://cloudfunctions.googleapis.com/v2/projects/catedra-458c0/locations/us-central1/operations/operation-1743993663842-632272ad2ea69-6d1f9024-f2ebf93f 200
[debug] [2025-04-07T02:41:43.438Z] <<< [apiv2][body] GET https://cloudfunctions.googleapis.com/v2/projects/catedra-458c0/locations/us-central1/operations/operation-1743993663842-632272ad2ea69-6d1f9024-f2ebf93f {"name":"projects/catedra-458c0/locations/us-central1/operations/operation-1743993663842-632272ad2ea69-6d1f9024-f2ebf93f","metadata":{"@type":"type.googleapis.com/google.cloud.functions.v2.OperationMetadata","createTime":"2025-04-07T02:41:04.681195097Z","endTime":"2025-04-07T02:41:38.851190890Z","target":"projects/catedra-458c0/locations/us-central1/functions/sendEmailTeachers","verb":"update","cancelRequested":false,"apiVersion":"v2","requestResource":{"@type":"type.googleapis.com/google.cloud.functions.v2.Function","name":"projects/catedra-458c0/locations/us-central1/functions/sendEmailTeachers","buildConfig":{"runtime":"nodejs22","entryPoint":"sendEmailTeachers","source":{"storageSource":{"bucket":"gcf-v2-sources-816613841351-us-central1","object":"sendEmailTeachers/function-source.zip","generation":"1743993664601790"}},"environmentVariables":{"GOOGLE_NODE_RUN_SCRIPTS":""},"dockerRepository":"projects/catedra-458c0/locations/us-central1/repositories/gcf-artifacts","sourceProvenance":{"resolvedStorageSource":{"bucket":"gcf-v2-sources-816613841351-us-central1","object":"sendEmailTeachers/function-source.zip","generation":"1743600527033701"}},"dockerRegistry":"ARTIFACT_REGISTRY","serviceAccount":"projects/catedra-458c0/serviceAccounts/816613841351-compute@developer.gserviceaccount.com","automaticUpdatePolicy":{}},"serviceConfig":{"service":"projects/catedra-458c0/locations/us-central1/services/sendemailteachers","timeoutSeconds":60,"environmentVariables":{"USER_EMAIL":"ascendere_lab@utpl.edu.ec","PASSWORD_EMAIL":"ascendere%9221","SECONDARY_EMAIL":"ascenderelab@gmail.com","SECONDARY_PASSWORD_EMAIL":"mkcqzovvdysfngmw","FIREBASE_CONFIG":"{\"projectId\":\"catedra-458c0\",\"storageBucket\":\"catedra-458c0.appspot.com\",\"locationId\":\"us-central\"}","GCLOUD_PROJECT":"catedra-458c0","EVENTARC_CLOUD_EVENT_SOURCE":"projects/catedra-458c0/locations/us-central1/services/sendEmailTeachers","FUNCTION_TARGET":"sendEmailTeachers","LOG_EXECUTION_ID":"true"},"ingressSettings":"ALLOW_ALL","uri":"https://sendemailteachers-qipfzahcwa-uc.a.run.app","serviceAccountEmail":"816613841351-compute@developer.gserviceaccount.com","availableMemory":"256Mi","allTrafficOnLatestRevision":true,"revision":"sendemailteachers-00021-neh","maxInstanceRequestConcurrency":80,"availableCpu":"1"},"state":"ACTIVE","labels":{"deployment-tool":"cloud-console","deployment-callable":"true","firebase-functions-hash":"f479ce89aae2667245b92c68a4c48a0f78105491"},"environment":"GEN_2","url":"https://us-central1-catedra-458c0.cloudfunctions.net/sendEmailTeachers","satisfiesPzi":true},"stages":[{"name":"SERVICE","state":"NOT_STARTED"}],"operationType":"UPDATE_FUNCTION"},"done":true,"error":{"code":3,"message":"Build failed with status: FAILURE and message: npm error code EUSAGE\nnpm error\nnpm error `npm ci` can only install packages when your package.json and package-lock.json or npm-shrinkwrap.json are in sync. Please update your lock file with `npm install` before continuing.\nnpm error\nnpm error Invalid: lock file's typescript@5.7.3 does not satisfy typescript@4.9.5\nnpm error\nnpm error Clean install a project\nnpm error\nnpm error Usage:\nnpm error npm ci\nnpm error\nnpm error Options:\nnpm error [--install-strategy <hoisted|nested|shallow|linked>] [--legacy-bundling]\nnpm error [--global-style] [--omit <dev|optional|peer> [--omit <dev|optional|peer> ...]]\nnpm error [--include <prod|dev|optional|peer> [--include <prod|dev|optional|peer> ...]]\nnpm error [--strict-peer-deps] [--foreground-scripts] [--ignore-scripts] [--no-audit]\nnpm error [--no-bin-links] [--no-fund] [--dry-run]\nnpm error [-w|--workspace <workspace-name> [-w|--workspace <workspace-name> ...]]\nnpm error [-ws|--workspaces] [--include-workspace-root] [--install-links]\nnpm error\nnpm error aliases: clean-install, ic, install-clean, isntall-clean\nnpm error\nnpm error Run \"npm help ci\" for more info\nnpm error A complete log of this run can be found in: /www-data-home/.npm/_logs/2025-04-07T02_41_26_912Z-debug-0.log. For more details see the logs at https://console.cloud.google.com/cloud-build/builds;region=us-central1/91b45274-9512-43e9-a60e-a37e340c112d?project=816613841351."}}
[debug] [2025-04-07T02:41:43.438Z] Got source token undefined for region us-central1
[error] Build failed with status: FAILURE and message: npm error code EUSAGE
npm error
npm error `npm ci` can only install packages when your package.json and package-lock.json or npm-shrinkwrap.json are in sync. Please update your lock file with `npm install` before continuing.
npm error
npm error Invalid: lock file's typescript@5.7.3 does not satisfy typescript@4.9.5
npm error
npm error Clean install a project
npm error
npm error Usage:
npm error npm ci
npm error
npm error Options:
npm error [--install-strategy <hoisted|nested|shallow|linked>] [--legacy-bundling]
npm error [--global-style] [--omit <dev|optional|peer> [--omit <dev|optional|peer> ...]]
npm error [--include <prod|dev|optional|peer> [--include <prod|dev|optional|peer> ...]]
npm error [--strict-peer-deps] [--foreground-scripts] [--ignore-scripts] [--no-audit]
npm error [--no-bin-links] [--no-fund] [--dry-run]
npm error [-w|--workspace <workspace-name> [-w|--workspace <workspace-name> ...]]
npm error [-ws|--workspaces] [--include-workspace-root] [--install-links]
npm error
npm error aliases: clean-install, ic, install-clean, isntall-clean
npm error
npm error Run "npm help ci" for more info
npm error A complete log of this run can be found in: /www-data-home/.npm/_logs/2025-04-07T02_41_26_912Z-debug-0.log. For more details see the logs at https://console.cloud.google.com/cloud-build/builds;region=us-central1/91b45274-9512-43e9-a60e-a37e340c112d?project=816613841351.
[debug] [2025-04-07T02:41:43.450Z] Total Function Deployment time: 40857
[debug] [2025-04-07T02:41:43.450Z] 1 Functions Deployed
[debug] [2025-04-07T02:41:43.450Z] 1 Functions Errored
[debug] [2025-04-07T02:41:43.450Z] 0 Function Deployments Aborted
[debug] [2025-04-07T02:41:43.450Z] Average Function Deployment time: 40856
[info] 
[info] Functions deploy had errors with the following functions:
	sendEmailTeachers(us-central1)
[debug] [2025-04-07T02:41:43.719Z] Not printing URL for HTTPS function. Typically this means it didn't match a filter or we failed deployment
[info] i  functions: cleaning up build files... 
[debug] [2025-04-07T02:41:43.722Z] Checked if tokens are valid: true, expires at: 1743997236702
[debug] [2025-04-07T02:41:43.723Z] Checked if tokens are valid: true, expires at: 1743997236702
[debug] [2025-04-07T02:41:43.723Z] Checked if tokens are valid: true, expires at: 1743997236702
[debug] [2025-04-07T02:41:43.723Z] Checked if tokens are valid: true, expires at: 1743997236702
[debug] [2025-04-07T02:41:43.725Z] Checked if tokens are valid: true, expires at: 1743997236702
[debug] [2025-04-07T02:41:43.725Z] Checked if tokens are valid: true, expires at: 1743997236702
[debug] [2025-04-07T02:41:43.726Z] >>> [apiv2][query] DELETE https://artifactregistry.googleapis.com/v1/projects/catedra-458c0/locations/us-central1/repositories/gcf-artifacts/packages/catedra--458c0__us--central1__verify_token [none]
[debug] [2025-04-07T02:41:43.729Z] >>> [apiv2][query] DELETE https://artifactregistry.googleapis.com/v1/projects/catedra-458c0/locations/us-central1/repositories/gcf-artifacts/packages/catedra--458c0__us--central1__send_email_teachers [none]
[debug] [2025-04-07T02:41:43.733Z] >>> [apiv2][query] GET https://us.gcr.io/v2/catedra-458c0/gcf/us-central1/tags/list [none]
[debug] [2025-04-07T02:41:44.271Z] <<< [apiv2][status] DELETE https://artifactregistry.googleapis.com/v1/projects/catedra-458c0/locations/us-central1/repositories/gcf-artifacts/packages/catedra--458c0__us--central1__send_email_teachers 404
[debug] [2025-04-07T02:41:44.271Z] <<< [apiv2][body] DELETE https://artifactregistry.googleapis.com/v1/projects/catedra-458c0/locations/us-central1/repositories/gcf-artifacts/packages/catedra--458c0__us--central1__send_email_teachers {"error":{"code":404,"message":"Package \"projects/catedra-458c0/locations/us-central1/repositories/gcf-artifacts/packages/catedra--458c0__us--central1__send_email_teachers\" was not found.","status":"NOT_FOUND"}}
[debug] [2025-04-07T02:41:44.273Z] <<< [apiv2][status] DELETE https://artifactregistry.googleapis.com/v1/projects/catedra-458c0/locations/us-central1/repositories/gcf-artifacts/packages/catedra--458c0__us--central1__verify_token 404
[debug] [2025-04-07T02:41:44.273Z] <<< [apiv2][body] DELETE https://artifactregistry.googleapis.com/v1/projects/catedra-458c0/locations/us-central1/repositories/gcf-artifacts/packages/catedra--458c0__us--central1__verify_token {"error":{"code":404,"message":"Package \"projects/catedra-458c0/locations/us-central1/repositories/gcf-artifacts/packages/catedra--458c0__us--central1__verify_token\" was not found.","status":"NOT_FOUND"}}
[debug] [2025-04-07T02:41:44.462Z] <<< [apiv2][status] GET https://us.gcr.io/v2/catedra-458c0/gcf/us-central1/tags/list 404
[debug] [2025-04-07T02:41:44.462Z] <<< [apiv2][body] GET https://us.gcr.io/v2/catedra-458c0/gcf/us-central1/tags/list {"errors":[{"code":"NAME_UNKNOWN","message":"Repository \"us.gcr.io\" not found"}]}
[debug] [2025-04-07T02:41:44.463Z] Failed docker command with error  Request to https://us.gcr.io/v2/catedra-458c0/gcf/us-central1/tags/list had HTTP Error: 404, Not Found {"name":"FirebaseError","children":[],"context":{"body":{"errors":[{"code":"NAME_UNKNOWN","message":"Repository \"us.gcr.io\" not found"}],"error":{"message":"Not Found"}},"response":{"statusCode":404}},"exit":1,"message":"Request to https://us.gcr.io/v2/catedra-458c0/gcf/us-central1/tags/list had HTTP Error: 404, Not Found","status":404}
[debug] [2025-04-07T02:41:44.465Z] Checked if tokens are valid: true, expires at: 1743997236702
[debug] [2025-04-07T02:41:44.465Z] Checked if tokens are valid: true, expires at: 1743997236702
[debug] [2025-04-07T02:41:44.466Z] >>> [apiv2][query] GET https://us.gcr.io/v2/catedra-458c0/gcf/us-central1/tags/list [none]
[debug] [2025-04-07T02:41:44.918Z] <<< [apiv2][status] GET https://us.gcr.io/v2/catedra-458c0/gcf/us-central1/tags/list 404
[debug] [2025-04-07T02:41:44.919Z] <<< [apiv2][body] GET https://us.gcr.io/v2/catedra-458c0/gcf/us-central1/tags/list {"errors":[{"code":"NAME_UNKNOWN","message":"Repository \"us.gcr.io\" not found"}]}
[debug] [2025-04-07T02:41:44.919Z] Failed docker command with error  Request to https://us.gcr.io/v2/catedra-458c0/gcf/us-central1/tags/list had HTTP Error: 404, Not Found {"name":"FirebaseError","children":[],"context":{"body":{"errors":[{"code":"NAME_UNKNOWN","message":"Repository \"us.gcr.io\" not found"}],"error":{"message":"Not Found"}},"response":{"statusCode":404}},"exit":1,"message":"Request to https://us.gcr.io/v2/catedra-458c0/gcf/us-central1/tags/list had HTTP Error: 404, Not Found","status":404}
[debug] [2025-04-07T02:41:45.035Z] Checked if tokens are valid: true, expires at: 1743997236702
[debug] [2025-04-07T02:41:45.035Z] Checked if tokens are valid: true, expires at: 1743997236702
[debug] [2025-04-07T02:41:45.036Z] >>> [apiv2][query] GET https://us.gcr.io/v2/catedra-458c0/gcf/us-central1/tags/list [none]
[debug] [2025-04-07T02:41:45.483Z] <<< [apiv2][status] GET https://us.gcr.io/v2/catedra-458c0/gcf/us-central1/tags/list 404
[debug] [2025-04-07T02:41:45.483Z] <<< [apiv2][body] GET https://us.gcr.io/v2/catedra-458c0/gcf/us-central1/tags/list {"errors":[{"code":"NAME_UNKNOWN","message":"Repository \"us.gcr.io\" not found"}]}
[debug] [2025-04-07T02:41:45.484Z] Failed docker command with error  Request to https://us.gcr.io/v2/catedra-458c0/gcf/us-central1/tags/list had HTTP Error: 404, Not Found {"name":"FirebaseError","children":[],"context":{"body":{"errors":[{"code":"NAME_UNKNOWN","message":"Repository \"us.gcr.io\" not found"}],"error":{"message":"Not Found"}},"response":{"statusCode":404}},"exit":1,"message":"Request to https://us.gcr.io/v2/catedra-458c0/gcf/us-central1/tags/list had HTTP Error: 404, Not Found","status":404}
[warn] !  functions: Unhandled error cleaning up build images. This could result in a small monthly bill if not corrected. You can attempt to delete these images by redeploying or you can delete them manually at https://console.cloud.google.com/gcr/images/catedra-458c0/us/gcf 
[debug] [2025-04-07T02:41:45.485Z] Functions deploy failed.
[debug] [2025-04-07T02:41:45.485Z] {
  "endpoint": {
    "id": "sendEmailTeachers",
    "project": "catedra-458c0",
    "region": "us-central1",
    "entryPoint": "sendEmailTeachers",
    "platform": "gcfv2",
    "runtime": "nodejs22",
    "callableTrigger": {},
    "labels": {
      "deployment-tool": "cli-firebase"
    },
    "ingressSettings": null,
    "availableMemoryMb": null,
    "serviceAccount": null,
    "timeoutSeconds": null,
    "maxInstances": null,
    "minInstances": null,
    "concurrency": 80,
    "vpc": null,
    "environmentVariables": {
      "USER_EMAIL": "ascendere_lab@utpl.edu.ec",
      "PASSWORD_EMAIL": "ascendere%9221",
      "SECONDARY_EMAIL": "ascenderelab@gmail.com",
      "SECONDARY_PASSWORD_EMAIL": "mkcqzovvdysfngmw",
      "FIREBASE_CONFIG": "{\"projectId\":\"catedra-458c0\",\"storageBucket\":\"catedra-458c0.appspot.com\",\"locationId\":\"us-central\"}",
      "GCLOUD_PROJECT": "catedra-458c0",
      "EVENTARC_CLOUD_EVENT_SOURCE": "projects/catedra-458c0/locations/us-central1/services/sendEmailTeachers"
    },
    "codebase": "default",
    "runServiceId": "sendemailteachers",
    "cpu": 1,
    "securityLevel": "SECURE_ALWAYS",
    "targetedByOnly": true,
    "hash": "f479ce89aae2667245b92c68a4c48a0f78105491"
  },
  "op": "update",
  "original": {
    "name": "FirebaseError",
    "children": [],
    "exit": 1,
    "message": "Build failed with status: FAILURE and message: npm error code EUSAGE\nnpm error\nnpm error `npm ci` can only install packages when your package.json and package-lock.json or npm-shrinkwrap.json are in sync. Please update your lock file with `npm install` before continuing.\nnpm error\nnpm error Invalid: lock file's typescript@5.7.3 does not satisfy typescript@4.9.5\nnpm error\nnpm error Clean install a project\nnpm error\nnpm error Usage:\nnpm error npm ci\nnpm error\nnpm error Options:\nnpm error [--install-strategy <hoisted|nested|shallow|linked>] [--legacy-bundling]\nnpm error [--global-style] [--omit <dev|optional|peer> [--omit <dev|optional|peer> ...]]\nnpm error [--include <prod|dev|optional|peer> [--include <prod|dev|optional|peer> ...]]\nnpm error [--strict-peer-deps] [--foreground-scripts] [--ignore-scripts] [--no-audit]\nnpm error [--no-bin-links] [--no-fund] [--dry-run]\nnpm error [-w|--workspace <workspace-name> [-w|--workspace <workspace-name> ...]]\nnpm error [-ws|--workspaces] [--include-workspace-root] [--install-links]\nnpm error\nnpm error aliases: clean-install, ic, install-clean, isntall-clean\nnpm error\nnpm error Run \"npm help ci\" for more info\nnpm error A complete log of this run can be found in: /www-data-home/.npm/_logs/2025-04-07T02_41_26_912Z-debug-0.log. For more details see the logs at https://console.cloud.google.com/cloud-build/builds;region=us-central1/91b45274-9512-43e9-a60e-a37e340c112d?project=816613841351.",
    "original": {
      "code": 3,
      "message": "Build failed with status: FAILURE and message: npm error code EUSAGE\nnpm error\nnpm error `npm ci` can only install packages when your package.json and package-lock.json or npm-shrinkwrap.json are in sync. Please update your lock file with `npm install` before continuing.\nnpm error\nnpm error Invalid: lock file's typescript@5.7.3 does not satisfy typescript@4.9.5\nnpm error\nnpm error Clean install a project\nnpm error\nnpm error Usage:\nnpm error npm ci\nnpm error\nnpm error Options:\nnpm error [--install-strategy <hoisted|nested|shallow|linked>] [--legacy-bundling]\nnpm error [--global-style] [--omit <dev|optional|peer> [--omit <dev|optional|peer> ...]]\nnpm error [--include <prod|dev|optional|peer> [--include <prod|dev|optional|peer> ...]]\nnpm error [--strict-peer-deps] [--foreground-scripts] [--ignore-scripts] [--no-audit]\nnpm error [--no-bin-links] [--no-fund] [--dry-run]\nnpm error [-w|--workspace <workspace-name> [-w|--workspace <workspace-name> ...]]\nnpm error [-ws|--workspaces] [--include-workspace-root] [--install-links]\nnpm error\nnpm error aliases: clean-install, ic, install-clean, isntall-clean\nnpm error\nnpm error Run \"npm help ci\" for more info\nnpm error A complete log of this run can be found in: /www-data-home/.npm/_logs/2025-04-07T02_41_26_912Z-debug-0.log. For more details see the logs at https://console.cloud.google.com/cloud-build/builds;region=us-central1/91b45274-9512-43e9-a60e-a37e340c112d?project=816613841351."
    },
    "status": 3,
    "code": 3
  }
}
[debug] [2025-04-07T02:41:45.710Z] Error: Failed to update function sendEmailTeachers in region us-central1
    at C:\Users\adria\AppData\Roaming\npm\node_modules\firebase-tools\lib\deploy\functions\release\fabricator.js:399:19
    at process.processTicksAndRejections (node:internal/process/task_queues:95:5)
    at async Fabricator.updateV2Function (C:\Users\adria\AppData\Roaming\npm\node_modules\firebase-tools\lib\deploy\functions\release\fabricator.js:388:32)
    at async Fabricator.updateEndpoint (C:\Users\adria\AppData\Roaming\npm\node_modules\firebase-tools\lib\deploy\functions\release\fabricator.js:155:13)
    at async handle (C:\Users\adria\AppData\Roaming\npm\node_modules\firebase-tools\lib\deploy\functions\release\fabricator.js:89:17)
[error] 
[error] Error: There was an error deploying functions
